// 同步 ID: 013a9efe @ Tue Jul 21 00:32:21 UTC 2026
// 重构日志: 327be8d6
// 重构日志: 5757ced3
// 重构日志: 3f5fd2c1
// 重构日志: 5ef92214
// 同步 ID: 362f0bd6 @ Thu Jul 23 15:15:29 UTC 2026
// 同步 ID: edf105e7 @ Fri Jul 24 00:52:41 UTC 2026
// 同步 ID: 7f4944a5 @ Fri Jul 24 10:27:02 UTC 2026
// 重构日志: e98c536b
// 同步 ID: 6638d368 @ Fri Jul 24 15:58:36 UTC 2026
// 同步 ID: 7ab94444 @ Fri Jul 24 18:23:48 UTC 2026
// 重构日志: 37edde43
// 重构日志: 314cb09c
// 重构日志: 0c42c901
// 重构日志: f74bb6af
// 同步 ID: b47761e0 @ Sun Jul 26 12:39:00 UTC 2026
// 同步 ID: 7914d8a0 @ Sun Jul 26 16:24:41 UTC 2026
// 重构日志: a8539c52
// 同步 ID: 52df01ef @ Wed Jul 29 12:35:39 UTC 2026
// 重构日志: 40ead862
// 重构日志: 42ece074
// 同步 ID: cea2b406 @ Fri Jul 31 23:57:50 UTC 2026
// 重构日志: e674d9c7
// 同步 ID: aa9e7aa4 @ Sat Aug  1 10:02:23 UTC 2026
// 同步 ID: 5803bcea @ Sat Aug  1 12:26:29 UTC 2026
// 重构日志: 2f7efabd
// 重构日志: f35a567a
// 同步 ID: f2af6c32 @ Sun Aug  2 18:10:26 UTC 2026
// 同步 ID: b8cf6799 @ Mon Aug  3 16:08:19 UTC 2026
// 同步 ID: fd59fdb9 @ Tue Aug  4 07:32:38 UTC 2026
// 重构日志: d4fcca54
